// Jest Snapshot v1, https://goo.gl/fbAQLP

exports[`remove-snap-account confirmation should match snapshot 1`] = `
<div>
  <div
    class="confirmation-page"
  >
    <div
      class="confirmation-page__content"
    >
      <div
        class="mm-box snaps-authorship-header mm-box--padding-4 mm-box--display-flex mm-box--align-items-center mm-box--width-full mm-box--background-color-background-default"
        style="box-shadow: var(--shadow-size-lg) var(--color-shadow-default);"
      >
        <div
          class="mm-box"
        >
          <div
            class="mm-box mm-badge-wrapper snap-avatar mm-box--display-inline-block"
          >
            <div
              class="mm-box mm-text mm-avatar-base mm-avatar-base--size-lg mm-text--body-lg-medium mm-text--text-transform-uppercase mm-box--display-flex mm-box--justify-content-center mm-box--align-items-center mm-box--color-text-alternative mm-box--background-color-background-alternative mm-box--rounded-full mm-box--border-color-border-default box--border-style-solid box--border-width-1"
              style="border-width: 0px;"
            >
              m
            </div>
            <div
              class="mm-box mm-badge-wrapper__badge-container mm-badge-wrapper__badge-container--circular-bottom-right"
            >
              <div
                class="mm-box mm-text mm-avatar-base mm-avatar-base--size-sm mm-avatar-icon mm-text--body-sm mm-text--text-transform-uppercase mm-box--display-flex mm-box--justify-content-center mm-box--align-items-center mm-box--color-primary-default mm-box--background-color-info-default mm-box--rounded-full mm-box--border-color-background-default mm-box--border-width-2 box--border-style-solid"
              >
                <span
                  class="mm-box mm-icon mm-icon--size-sm mm-box--display-inline-block mm-box--color-info-inverse"
                  style="mask-image: url('./images/icons/snaps.svg');"
                />
              </div>
            </div>
          </div>
        </div>
        <div
          class="mm-box mm-box--margin-right-4 mm-box--margin-left-4 mm-box--display-flex mm-box--flex-direction-column"
          style="overflow: hidden;"
        >
          <p
            class="mm-box mm-text mm-text--body-md mm-text--font-weight-medium mm-text--ellipsis mm-box--color-text-default"
          >
            @metamask/snap-test
          </p>
          <p
            class="mm-box mm-text mm-text--body-sm mm-text--ellipsis mm-box--color-text-alternative"
          >
            @metamask/snap-test
          </p>
        </div>
        <div
          class="mm-box mm-box--margin-left-auto"
        >
          <div
            class="mm-box mm-text mm-avatar-base mm-avatar-base--size-md mm-avatar-icon snaps-authorship-header__button mm-text--body-sm mm-text--text-transform-uppercase mm-box--display-flex mm-box--justify-content-center mm-box--align-items-center mm-box--color-icon-muted mm-box--background-color-background-alternative mm-box--rounded-full mm-box--border-color-transparent box--border-style-solid box--border-width-1"
          >
            <span
              class="mm-box mm-icon mm-icon--size-md mm-box--display-inline-block mm-box--color-inherit"
              style="mask-image: url('./images/icons/info.svg');"
            />
          </div>
        </div>
      </div>
      <div
        class="mm-box remove-snap-account-page mm-box--padding-top-2 mm-box--padding-bottom-2 mm-box--flex-direction-column mm-box--align-items-center mm-box--width-full mm-box--height-full mm-box--background-color-background-default mm-box--border-style-none"
      >
        <div
          class="mm-box mm-box--display-flex mm-box--flex-direction-column mm-box--align-items-center mm-box--height-full"
        >
          <div
            class="mm-box mm-box--display-flex mm-box--flex-direction-row mm-box--justify-content-space-between"
          >
            <div
              class="mm-box mm-box--padding-right-4 mm-box--padding-left-4 mm-box--display-flex mm-box--flex-direction-column mm-box--align-items-center"
            >
              <div
                class="mm-box mm-box--padding-bottom-2"
              >
                <div
                  class="mm-box mm-badge-wrapper snap-avatar mm-box--display-inline-block"
                >
                  <div
                    class="mm-box mm-text mm-avatar-base mm-avatar-base--size-xl mm-text--body-lg-medium mm-text--text-transform-uppercase mm-box--display-flex mm-box--justify-content-center mm-box--align-items-center mm-box--color-text-alternative mm-box--background-color-background-alternative mm-box--rounded-full mm-box--border-color-border-default box--border-style-solid box--border-width-1"
                    style="border-width: 0px;"
                  >
                    m
                  </div>
                  <div
                    class="mm-box mm-badge-wrapper__badge-container mm-badge-wrapper__badge-container--circular-bottom-right"
                  >
                    <div
                      class="mm-box mm-text mm-avatar-base mm-avatar-base--size-md mm-avatar-icon mm-text--body-sm mm-text--text-transform-uppercase mm-box--display-flex mm-box--justify-content-center mm-box--align-items-center mm-box--color-primary-default mm-box--background-color-info-default mm-box--rounded-full mm-box--border-color-background-default mm-box--border-width-3 box--border-style-solid"
                    >
                      <span
                        class="mm-box mm-icon mm-icon--size-md mm-box--display-inline-block mm-box--color-info-inverse"
                        style="mask-image: url('./images/icons/snaps.svg');"
                      />
                    </div>
                  </div>
                </div>
              </div>
              <h2
                class="mm-box mm-text mm-text--heading-lg mm-text--text-align-center mm-box--color-text-default"
              >
                Remove account
              </h2>
              <p
                class="mm-box mm-text mm-text--body-md mm-text--text-align-center mm-text--overflow-wrap-anywhere mm-box--color-text-default"
              >
                Test Snap Account Name wants to remove this account from MetaMask:
              </p>
              <div
                class="mm-box mm-box--padding-top-4 mm-box--padding-bottom-4"
              >
                <div
                  class="mm-box mm-banner-base mm-banner-alert mm-banner-alert--severity-warning mm-box--padding-3 mm-box--padding-left-2 mm-box--display-flex mm-box--gap-2 mm-box--background-color-warning-muted mm-box--rounded-sm"
                >
                  <span
                    class="mm-box mm-icon mm-icon--size-lg mm-box--display-inline-block mm-box--color-warning-default"
                    style="mask-image: url('./images/icons/danger.svg');"
                  />
                  <div
                    class="mm-box mm-box--min-width-0"
                  >
                    <p
                      class="mm-box mm-text mm-text--body-md mm-box--color-text-default"
                    >
                      Be sure you can access this account on your own before removing it
                    </p>
                    <p
                      class="mm-box mm-text mm-text--body-md mm-box--color-text-default"
                    />
                  </div>
                </div>
              </div>
              <div
                class="box box--padding-4 box--display-flex box--gap-4 box--flex-direction-row box--background-color-background-default box--rounded-md box--border-style-solid box--border-color-border-muted box--border-width-1"
              >
                <div
                  class="mm-box mm-box--display-flex mm-box--flex-direction-column mm-box--justify-content-space-between"
                >
                  <p
                    class="mm-box mm-text mm-text--body-sm mm-box--color-text-muted"
                  >
                    Public address
                  </p>
                  <p
                    class="mm-box mm-text mm-text--body-xs mm-box--color-text-default"
                  >
                    0x000000000000000000000000000000000000000
                  </p>
                </div>
                <div
                  class="mm-box mm-box--margin-left-auto mm-box--display-flex mm-box--align-items-center"
                >
                  <span
                    class="mm-box mm-icon mm-icon--size-sm mm-box--display-inline-block mm-box--color-primary-default"
                    style="mask-image: url('./images/icons/share.svg');"
                  />
                </div>
              </div>
            </div>
          </div>
        </div>
      </div>
    </div>
    <div
      class="confirmation-footer"
      style="box-shadow: var(--shadow-size-lg) var(--color-shadow-default);"
    >
      <div
        class="confirmation-footer__actions"
        style="border-top: 0;"
      >
        <button
          class="button btn--rounded btn-secondary"
          data-testid="confirmation-cancel-button"
        >
          Cancel
        </button>
        <button
          class="button btn--rounded btn-primary"
          data-testid="confirmation-submit-button"
        >
          Remove
        </button>
      </div>
    </div>
  </div>
</div>
`;
